// Jest Snapshot v1, https://goo.gl/fbAQLP

exports[`Pruebas en CounterApp debe de hacer match con el snapshot 1`] = `
<div>
  <h1>
     Counter App
  </h1>
  <h2>
     
    100
     
  </h2>
  <div
    class="botones"
  >
    <button>
       Sumar 
    </button>
    <button>
       Restar 
    </button>
    <button
      aria-label="btn-reset"
    >
       Resetear 
    </button>
  </div>
</div>
`;
